------------------------------------------------------------
TimeQuest Timing Analyzer Summary
------------------------------------------------------------

Type  : Slow 1200mV 85C Model Setup 'P1'
Slack : -20.726
TNS   : -247.409

Type  : Slow 1200mV 85C Model Setup 'P0'
Slack : -20.711
TNS   : -18685.531

Type  : Slow 1200mV 85C Model Hold 'P0'
Slack : 0.720
TNS   : 0.000

Type  : Slow 1200mV 85C Model Hold 'P1'
Slack : 1.837
TNS   : 0.000

Type  : Slow 1200mV 85C Model Minimum Pulse Width 'P0'
Slack : -3.201
TNS   : -1490.908

Type  : Slow 1200mV 85C Model Minimum Pulse Width 'P1'
Slack : -3.201
TNS   : -42.899

Type  : Slow 1200mV 0C Model Setup 'P0'
Slack : -19.588
TNS   : -17629.747

Type  : Slow 1200mV 0C Model Setup 'P1'
Slack : -19.378
TNS   : -231.404

Type  : Slow 1200mV 0C Model Hold 'P0'
Slack : 0.661
TNS   : 0.000

Type  : Slow 1200mV 0C Model Hold 'P1'
Slack : 1.665
TNS   : 0.000

Type  : Slow 1200mV 0C Model Minimum Pulse Width 'P0'
Slack : -3.201
TNS   : -1490.908

Type  : Slow 1200mV 0C Model Minimum Pulse Width 'P1'
Slack : -3.201
TNS   : -42.899

Type  : Fast 1200mV 0C Model Setup 'P0'
Slack : -8.417
TNS   : -7500.935

Type  : Fast 1200mV 0C Model Setup 'P1'
Slack : -8.338
TNS   : -99.447

Type  : Fast 1200mV 0C Model Hold 'P0'
Slack : 0.257
TNS   : 0.000

Type  : Fast 1200mV 0C Model Hold 'P1'
Slack : 0.745
TNS   : 0.000

Type  : Fast 1200mV 0C Model Minimum Pulse Width 'P0'
Slack : -3.000
TNS   : -1056.258

Type  : Fast 1200mV 0C Model Minimum Pulse Width 'P1'
Slack : -3.000
TNS   : -17.506

------------------------------------------------------------
