------------------------------------------------------------
TimeQuest Timing Analyzer Summary
------------------------------------------------------------

Type  : Slow 1200mV 85C Model Setup 'P0'
Slack : -10.867
TNS   : -7032.493

Type  : Slow 1200mV 85C Model Setup 'P1'
Slack : -2.603
TNS   : -39.217

Type  : Slow 1200mV 85C Model Hold 'P1'
Slack : 0.273
TNS   : 0.000

Type  : Slow 1200mV 85C Model Hold 'P0'
Slack : 0.566
TNS   : 0.000

Type  : Slow 1200mV 85C Model Minimum Pulse Width 'P0'
Slack : -3.000
TNS   : -1149.000

Type  : Slow 1200mV 85C Model Minimum Pulse Width 'P1'
Slack : -3.000
TNS   : -37.784

Type  : Slow 1200mV 0C Model Setup 'P0'
Slack : -9.600
TNS   : -6213.705

Type  : Slow 1200mV 0C Model Setup 'P1'
Slack : -2.251
TNS   : -33.756

Type  : Slow 1200mV 0C Model Hold 'P1'
Slack : 0.269
TNS   : 0.000

Type  : Slow 1200mV 0C Model Hold 'P0'
Slack : 0.507
TNS   : 0.000

Type  : Slow 1200mV 0C Model Minimum Pulse Width 'P0'
Slack : -3.000
TNS   : -1149.000

Type  : Slow 1200mV 0C Model Minimum Pulse Width 'P1'
Slack : -3.000
TNS   : -37.784

Type  : Fast 1200mV 0C Model Setup 'P0'
Slack : -5.951
TNS   : -3505.992

Type  : Fast 1200mV 0C Model Setup 'P1'
Slack : -1.083
TNS   : -15.796

Type  : Fast 1200mV 0C Model Hold 'P1'
Slack : 0.119
TNS   : 0.000

Type  : Fast 1200mV 0C Model Hold 'P0'
Slack : 0.293
TNS   : 0.000

Type  : Fast 1200mV 0C Model Minimum Pulse Width 'P0'
Slack : -3.000
TNS   : -1214.391

Type  : Fast 1200mV 0C Model Minimum Pulse Width 'P1'
Slack : -3.000
TNS   : -20.942

------------------------------------------------------------
